// Jest Snapshot v1, https://goo.gl/fbAQLP

exports[`Genre Screen correctly renders after relaunch 1`] = `
Array [
  <button
    className="track__button track__button--play"
    disabled={true}
    onClick={[Function]}
    type="button"
  />,
  <div
    className="track__status"
  >
    <audio
      src="https://upload.wikimedia.org/wikipedia/commons/6/64/Ugandan_national_anthem%2C_performed_by_the_U.S._Navy_Band.ogg"
    />
  </div>,
]
`;
